// Jest Snapshot v1, https://goo.gl/fbAQLP

exports[`a pagina de configuracao deve ser renderizada corretamente 1`] = `
<div>
  <div
    class="Card"
  >
    <section>
      <h2>
        Vamos come√ßar!
      </h2>
      <div
        class="conjuntoBotaoInput"
      >
        <form>
          <input
            placeholder="Insira os nomes dos participantes"
            type="text"
            value=""
          />
          <button
            disabled=""
          >
            Adicionar
          </button>
          
        </form>
      </div>
      <ul />
      <footer
        class="rodape"
      >
        <button
          class="botao"
          disabled=""
        >
          Iniciar brincadeira
        </button>
      </footer>
    </section>
  </div>
</div>
`;
